query {
    customer {
        Id,
        AccountNumber,
        CustomerContact {
            FirstName,
            LastName,
            Address {
                Street1,
                Street2,
                City,
                State,
                ZipCode
            }
        }
    }
}